[quomodosoft.com/html/newsprk/index5.html]
[backblue.gif]
[fade.gif]
[index.html]
[quomodosoft.com/html/newsprk/assets/img/icon/fabicon.png]
[quomodosoft.com/html/newsprk/assets/css/plugins/bootstrap.min.css]
[quomodosoft.com/html/newsprk/assets/css/plugins/animate.min.css]
[quomodosoft.com/html/newsprk/assets/css/plugins/fontawesome.css]
[quomodosoft.com/html/newsprk/assets/css/plugins/modal-video.min.css]
[quomodosoft.com/html/newsprk/assets/css/plugins/owl.carousel.css]
[quomodosoft.com/html/newsprk/assets/css/plugins/slick.css]
[quomodosoft.com/html/newsprk/assets/css/plugins/stellarnav.css]
[quomodosoft.com/html/newsprk/assets/css/theme.css]
[quomodosoft.com/html/newsprk/index.html]
[quomodosoft.com/html/newsprk/assets/img/logo/logo.png]
[quomodosoft.com/html/newsprk/assets/img/bg/banner1.png]
[quomodosoft.com/html/newsprk/index2.html]
[quomodosoft.com/html/newsprk/index3.html]
[quomodosoft.com/html/newsprk/index4.html]
[quomodosoft.com/html/newsprk/dark/index.html]
[quomodosoft.com/html/newsprk/dark/index2.html]
[quomodosoft.com/html/newsprk/dark/index3.html]
[quomodosoft.com/html/newsprk/dark/index4.html]
[quomodosoft.com/html/newsprk/dark/index5.html]
[quomodosoft.com/html/newsprk/theme-3/index.html]
[quomodosoft.com/html/newsprk/theme-3/index2.html]
[quomodosoft.com/html/newsprk/theme-3/index3.html]
[quomodosoft.com/html/newsprk/theme-3/index4.html]
[quomodosoft.com/html/newsprk/theme-3/index5.html]
[quomodosoft.com/html/newsprk/theme-4/index.html]
[quomodosoft.com/html/newsprk/theme-4/index2.html]
[quomodosoft.com/html/newsprk/theme-4/index3.html]
[quomodosoft.com/html/newsprk/theme-4/index4.html]
[quomodosoft.com/html/newsprk/theme-4/index5.html]
[quomodosoft.com/html/newsprk/about.html]
[quomodosoft.com/html/newsprk/archive.html]
[quomodosoft.com/html/newsprk/contact.html]
[quomodosoft.com/html/newsprk/404.html]
[quomodosoft.com/html/newsprk/post1.html]
[quomodosoft.com/html/newsprk/post2.html]
[quomodosoft.com/html/newsprk/post3.html]
[quomodosoft.com/html/newsprk/video_post1.html]
[quomodosoft.com/html/newsprk/video_post2.html]
[quomodosoft.com/html/newsprk/video_post3.html]
[quomodosoft.com/html/newsprk/audio_post1.html]
[quomodosoft.com/html/newsprk/audio_post2.html]
[quomodosoft.com/html/newsprk/audio_post3.html]
[quomodosoft.com/html/newsprk/left_post2.html]
[quomodosoft.com/html/newsprk/business.html]
[quomodosoft.com/html/newsprk/entertainment.html]
[quomodosoft.com/html/newsprk/feature.html]
[quomodosoft.com/html/newsprk/sports.html]
[quomodosoft.com/html/newsprk/trending.html]
[quomodosoft.com/html/newsprk/assets/img/icon/temp.png]
[quomodosoft.com/html/newsprk/assets/img/header/sider-top.jpg]
[quomodosoft.com/html/newsprk/assets/img/header/sider-top2.jpg]
[quomodosoft.com/html/newsprk/assets/img/blog/post_gsi1.jpg]
[quomodosoft.com/html/newsprk/assets/img/blog/post_gsi2.jpg]
[quomodosoft.com/html/newsprk/assets/img/blog/post_gsi3.jpg]
[quomodosoft.com/html/newsprk/assets/img/blog/post_gsi4.jpg]
[quomodosoft.com/html/newsprk/assets/img/blog/post_gsi5.jpg]
[quomodosoft.com/html/newsprk/assets/img/blog/post_gsi6.jpg]
[quomodosoft.com/html/newsprk/assets/img/blog/post_gsi7.jpg]
[quomodosoft.com/html/newsprk/assets/img/most_view/mostsm1.jpg]
[quomodosoft.com/html/newsprk/assets/img/most_view/mostsm2.jpg]
[quomodosoft.com/html/newsprk/assets/img/most_view/mostsm3.jpg]
[quomodosoft.com/html/newsprk/assets/img/most_view/mostsm4.jpg]
[quomodosoft.com/html/newsprk/assets/img/most_view/mostsm5.jpg]
[quomodosoft.com/html/newsprk/assets/img/feature/feature2.jpg]
[quomodosoft.com/html/newsprk/assets/img/feature/feature3.jpg]
[quomodosoft.com/html/newsprk/assets/img/feature/feature4.jpg]
[quomodosoft.com/html/newsprk/assets/img/trending/trendbig1.jpg]
[quomodosoft.com/html/newsprk/assets/img/trending/trendbig2.jpg]
[quomodosoft.com/html/newsprk/assets/img/trending/transm4.jpg]
[quomodosoft.com/html/newsprk/assets/img/trending/transm5.jpg]
[quomodosoft.com/html/newsprk/assets/img/trending/transm6.jpg]
[quomodosoft.com/html/newsprk/assets/img/trending/transm1.jpg]
[quomodosoft.com/html/newsprk/assets/img/trending/transm2.jpg]
[quomodosoft.com/html/newsprk/assets/img/header/widget/tab1.jpg]
[quomodosoft.com/html/newsprk/assets/img/header/widget/tab2.jpg]
[quomodosoft.com/html/newsprk/assets/img/header/widget/tab3.jpg]
[quomodosoft.com/html/newsprk/assets/img/header/widget/tab4.jpg]
[quomodosoft.com/html/newsprk/assets/img/header/widget/tab5.jpg]
[quomodosoft.com/html/newsprk/assets/img/bg/black_white1.jpg]
[quomodosoft.com/html/newsprk/assets/img/bg/black_white2.jpg]
[quomodosoft.com/html/newsprk/assets/img/video/video1.jpg]
[quomodosoft.com/html/newsprk/assets/img/popular/popularsm1.jpg]
[quomodosoft.com/html/newsprk/assets/img/popular/popularsm2.jpg]
[quomodosoft.com/html/newsprk/assets/img/popular/popularsm3.jpg]
[quomodosoft.com/html/newsprk/assets/img/popular/popularsm4.jpg]
[quomodosoft.com/html/newsprk/assets/img/popular/popularsm5.jpg]
[quomodosoft.com/html/newsprk/assets/img/entertrainment/enter1.jpg]
[quomodosoft.com/html/newsprk/assets/img/entertrainment/enter2.jpg]
[quomodosoft.com/html/newsprk/assets/img/entertrainment/enter3.jpg]
[quomodosoft.com/html/newsprk/assets/img/entertrainment/enter4.jpg]
[quomodosoft.com/html/newsprk/assets/img/sports/sportsbig1.jpg]
[quomodosoft.com/html/newsprk/assets/img/sports/sports2.jpg]
[quomodosoft.com/html/newsprk/assets/img/sports/sports3.jpg]
[quomodosoft.com/html/newsprk/assets/img/sports/sports4.jpg]
[quomodosoft.com/html/newsprk/assets/img/sports/sports5.jpg]
[quomodosoft.com/html/newsprk/assets/img/sports/sports6.jpg]
[quomodosoft.com/html/newsprk/assets/img/blog/blog_small1.jpg]
[quomodosoft.com/html/newsprk/assets/img/blog/blog_small2.jpg]
[quomodosoft.com/html/newsprk/assets/img/blog/blog_small3.jpg]
[quomodosoft.com/html/newsprk/assets/img/blog/blog_small4.jpg]
[quomodosoft.com/html/newsprk/assets/img/blog/blog_small5.jpg]
[quomodosoft.com/html/newsprk/assets/img/business/business1.jpg]
[quomodosoft.com/html/newsprk/assets/img/business/business2.jpg]
[quomodosoft.com/html/newsprk/assets/img/business/business3.jpg]
[quomodosoft.com/html/newsprk/assets/img/flag/match1.png]
[quomodosoft.com/html/newsprk/assets/img/flag/match2.png]
[quomodosoft.com/html/newsprk/assets/img/flag/match3.png]
[quomodosoft.com/html/newsprk/assets/img/flag/match4.png]
[quomodosoft.com/html/newsprk/assets/img/flag/match5.png]
[quomodosoft.com/html/newsprk/assets/img/categories/category1.jpg]
[quomodosoft.com/html/newsprk/assets/img/icon/union.png]
[quomodosoft.com/html/newsprk/entertrainment.html]
[quomodosoft.com/html/newsprk/assets/img/categories/category2.jpg]
[quomodosoft.com/html/newsprk/assets/img/categories/category3.jpg]
[quomodosoft.com/html/newsprk/assets/img/categories/category4.jpg]
[quomodosoft.com/html/newsprk/assets/img/categories/category5.jpg]
[quomodosoft.com/html/newsprk/assets/img/categories/category6.jpg]
[quomodosoft.com/html/newsprk/assets/img/bg/sidebar-1.png]
[quomodosoft.com/html/newsprk/assets/img/logo/footer_logo.png]
[quomodosoft.com/html/newsprk/assets/img/icon/mobile.png]
[quomodosoft.com/html/newsprk/assets/img/icon/speacker.png]
[quomodosoft.com/html/newsprk/assets/img/icon/evelope.png]
[quomodosoft.com/html/newsprk/assets/js/plugins/jquery.2.1.0.min.js]
[quomodosoft.com/html/newsprk/assets/js/plugins/bootstrap.min.js]
[quomodosoft.com/html/newsprk/assets/js/plugins/jquery.nav.js]
[quomodosoft.com/html/newsprk/assets/js/plugins/jquery.waypoints.min.js]
[quomodosoft.com/html/newsprk/assets/js/plugins/jquery-modal-video.min.js]
[quomodosoft.com/html/newsprk/assets/js/plugins/owl.carousel.js]
[quomodosoft.com/html/newsprk/assets/js/plugins/popper.min.js]
[quomodosoft.com/html/newsprk/assets/js/plugins/circle-progress.js]
[quomodosoft.com/html/newsprk/assets/js/plugins/slick.min.js]
[quomodosoft.com/html/newsprk/assets/js/plugins/stellarnav.js]
[quomodosoft.com/html/newsprk/assets/js/plugins/wow.min.js]
[quomodosoft.com/html/newsprk/assets/js/main.js]
[quomodosoft.com/html/newsprk/index5.html]
[quomodosoft.com/html/newsprk/assets/css/plugins/bootstrap.min.css]
[quomodosoft.com/html/newsprk/assets/css/plugins/animate.min.css]
[static.cloudflareinsights.com/beacon.min.js]
[quomodosoft.com/html/newsprk/assets/fonts/fa-brands-400.eot]
[quomodosoft.com/html/newsprk/assets/fonts/fa-brands-400d41d.eot]
[quomodosoft.com/html/newsprk/assets/fonts/fa-brands-400.woff2]
[quomodosoft.com/html/newsprk/assets/fonts/fa-brands-400.woff]
[quomodosoft.com/html/newsprk/assets/fonts/fa-brands-400.ttf]
[quomodosoft.com/html/newsprk/assets/fonts/fa-brands-400.svg]
[quomodosoft.com/html/newsprk/assets/fonts/fa-light-300.eot]
[quomodosoft.com/html/newsprk/assets/fonts/fa-light-300.woff2]
[quomodosoft.com/html/newsprk/assets/fonts/fa-light-300d41d.eot]
[quomodosoft.com/html/newsprk/assets/fonts/fa-light-300.woff]
[quomodosoft.com/html/newsprk/assets/fonts/fa-light-300.ttf]
[quomodosoft.com/html/newsprk/assets/fonts/fa-light-300.svg]
[quomodosoft.com/html/newsprk/assets/fonts/fa-regular-400.eot]
[quomodosoft.com/html/newsprk/assets/fonts/fa-regular-400.woff2]
[quomodosoft.com/html/newsprk/assets/fonts/fa-regular-400d41d.eot]
[quomodosoft.com/html/newsprk/assets/fonts/fa-regular-400.woff]
[quomodosoft.com/html/newsprk/assets/fonts/fa-regular-400.ttf]
[quomodosoft.com/html/newsprk/assets/fonts/fa-regular-400.svg]
[quomodosoft.com/html/newsprk/assets/fonts/fa-solid-900.eot]
[quomodosoft.com/html/newsprk/assets/fonts/fa-solid-900.woff2]
[quomodosoft.com/html/newsprk/assets/fonts/fa-solid-900d41d.eot]
[quomodosoft.com/html/newsprk/assets/fonts/fa-solid-900.woff]
[quomodosoft.com/html/newsprk/assets/fonts/fa-solid-900.ttf]
[quomodosoft.com/html/newsprk/assets/css/plugins/fontawesome.css]
[quomodosoft.com/html/newsprk/assets/css/plugins/modal-video.min.css]
[quomodosoft.com/html/newsprk/assets/fonts/fa-solid-900.svg]
[quomodosoft.com/html/newsprk/assets/css/plugins/owl.video.play.png]
[quomodosoft.com/html/newsprk/assets/css/plugins/owl.carousel.css]
[quomodosoft.com/html/newsprk/assets/css/plugins/slick.css]
[quomodosoft.com/html/newsprk/assets/css/plugins/stellarnav.css]
[quomodosoft.com/html/newsprk/assets/img/icon/s.png]
[quomodosoft.com/html/newsprk/assets/img/bg/inner_bg.jpg]
[quomodosoft.com/html/newsprk/assets/img/icon/s_white.png]
[quomodosoft.com/html/newsprk/assets/img/bg/banner.jpg]
[quomodosoft.com/html/newsprk/assets/css/theme.css]
[quomodosoft.com/html/newsprk/assets/img/header/slider/hside4.jpg]
[quomodosoft.com/html/newsprk/assets/img/header/slider/hside5.jpg]
[quomodosoft.com/html/newsprk/assets/img/header/slider/hside6.jpg]
[quomodosoft.com/html/newsprk/assets/img/header/slider/hside1.jpg]
[quomodosoft.com/html/newsprk/assets/img/header/slider/hside2.jpg]
[quomodosoft.com/html/newsprk/assets/img/header/slider/hside3.jpg]
[quomodosoft.com/html/newsprk/index.html]
[quomodosoft.com/html/newsprk/index2.html]
[quomodosoft.com/html/newsprk/index3.html]
[quomodosoft.com/html/newsprk/index4.html]
[quomodosoft.com/html/newsprk/dark/about.html]
[quomodosoft.com/html/newsprk/dark/archive.html]
[quomodosoft.com/html/newsprk/dark/contact.html]
[quomodosoft.com/html/newsprk/dark/404.html]
[quomodosoft.com/html/newsprk/dark/post1.html]
[quomodosoft.com/html/newsprk/dark/post2.html]
[quomodosoft.com/html/newsprk/dark/post3.html]
[quomodosoft.com/html/newsprk/dark/video_post1.html]
[quomodosoft.com/html/newsprk/dark/video_post2.html]
[quomodosoft.com/html/newsprk/dark/video_post3.html]
[quomodosoft.com/html/newsprk/dark/audio_post1.html]
[quomodosoft.com/html/newsprk/dark/audio_post2.html]
[quomodosoft.com/html/newsprk/dark/audio_post3.html]
[quomodosoft.com/html/newsprk/dark/left_post2.html]
[quomodosoft.com/html/newsprk/dark/business.html]
[quomodosoft.com/html/newsprk/dark/entertainment.html]
[quomodosoft.com/html/newsprk/dark/feature.html]
[quomodosoft.com/html/newsprk/dark/sports.html]
[quomodosoft.com/html/newsprk/dark/trending.html]
[quomodosoft.com/html/newsprk/assets/img/icon/temp-dark.png]
[quomodosoft.com/html/newsprk/dark/index.html]
[quomodosoft.com/html/newsprk/dark/index2.html]
[quomodosoft.com/html/newsprk/dark/index3.html]
[quomodosoft.com/html/newsprk/dark/index4.html]
[quomodosoft.com/html/newsprk/dark/index5.html]
[quomodosoft.com/html/newsprk/theme-3/about.html]
[quomodosoft.com/html/newsprk/theme-3/archive.html]
[quomodosoft.com/html/newsprk/theme-3/contact.html]
[quomodosoft.com/html/newsprk/theme-3/404.html]
[quomodosoft.com/html/newsprk/theme-3/post1.html]
[quomodosoft.com/html/newsprk/theme-3/post2.html]
[quomodosoft.com/html/newsprk/theme-3/post3.html]
[quomodosoft.com/html/newsprk/theme-3/video_post1.html]
[quomodosoft.com/html/newsprk/theme-3/video_post2.html]
[quomodosoft.com/html/newsprk/theme-3/video_post3.html]
[quomodosoft.com/html/newsprk/theme-3/audio_post1.html]
[quomodosoft.com/html/newsprk/theme-3/audio_post2.html]
[quomodosoft.com/html/newsprk/theme-3/audio_post3.html]
[quomodosoft.com/html/newsprk/theme-3/left_post2.html]
[quomodosoft.com/html/newsprk/theme-3/business.html]
[quomodosoft.com/html/newsprk/theme-3/entertainment.html]
[quomodosoft.com/html/newsprk/theme-3/feature.html]
[quomodosoft.com/html/newsprk/theme-3/sports.html]
[quomodosoft.com/html/newsprk/theme-3/trending.html]
[quomodosoft.com/html/newsprk/assets/img/header/sider-top3.jpg]
[quomodosoft.com/html/newsprk/assets/img/header/widget/col21.jpg]
[quomodosoft.com/html/newsprk/assets/img/header/widget/col22.jpg]
[quomodosoft.com/html/newsprk/assets/img/header/widget/col23.jpg]
[quomodosoft.com/html/newsprk/assets/img/header/widget/col24.jpg]
[quomodosoft.com/html/newsprk/assets/img/header/widget/col25.jpg]
[quomodosoft.com/html/newsprk/assets/img/header/widget/col26.jpg]
[quomodosoft.com/html/newsprk/assets/img/trending/trend22.jpg]
[quomodosoft.com/html/newsprk/assets/img/trending/transm23.jpg]
[quomodosoft.com/html/newsprk/assets/img/trending/transm24.jpg]
[quomodosoft.com/html/newsprk/assets/img/trending/transm25.jpg]
[quomodosoft.com/html/newsprk/assets/img/trending/transm26.jpg]
[quomodosoft.com/html/newsprk/assets/img/trending/transm27.jpg]
[quomodosoft.com/html/newsprk/assets/img/feature/feature21.jpg]
[quomodosoft.com/html/newsprk/assets/img/feature/feature22.jpg]
[quomodosoft.com/html/newsprk/assets/img/feature/feature23.jpg]
[quomodosoft.com/html/newsprk/assets/img/business/business21.jpg]
[quomodosoft.com/html/newsprk/assets/img/icon/arrow3.png]
[quomodosoft.com/html/newsprk/assets/img/business/business22.jpg]
[quomodosoft.com/html/newsprk/assets/img/business/business23.jpg]
[quomodosoft.com/html/newsprk/assets/img/business/business24.jpg]
[quomodosoft.com/html/newsprk/assets/img/business/business25.jpg]
[quomodosoft.com/html/newsprk/assets/img/business/business26.jpg]
[quomodosoft.com/html/newsprk/assets/img/add/add21.jpg]
[quomodosoft.com/html/newsprk/assets/img/finance/finance21.jpg]
[quomodosoft.com/html/newsprk/assets/img/finance/finance22.jpg]
[quomodosoft.com/html/newsprk/assets/img/finance/finance23.jpg]
[quomodosoft.com/html/newsprk/assets/img/finance/finance24.jpg]
[quomodosoft.com/html/newsprk/assets/img/video/video21.jpg]
[quomodosoft.com/html/newsprk/assets/img/video/video22.jpg]
[quomodosoft.com/html/newsprk/assets/img/video/video23.jpg]
[quomodosoft.com/html/newsprk/assets/img/video/video24.jpg]
[quomodosoft.com/html/newsprk/assets/img/video/video25.jpg]
[quomodosoft.com/html/newsprk/assets/img/video/video26.jpg]
[quomodosoft.com/html/newsprk/assets/img/video/video27.jpg]
[quomodosoft.com/html/newsprk/assets/img/tab/tab21.jpg]
[quomodosoft.com/html/newsprk/assets/img/tab/tab23.jpg]
[quomodosoft.com/html/newsprk/assets/img/tab/tab24.jpg]
[quomodosoft.com/html/newsprk/assets/img/tab/tab25.jpg]
[quomodosoft.com/html/newsprk/assets/img/tab/tab26.jpg]
[quomodosoft.com/html/newsprk/assets/img/whats/whats21.jpg]
[quomodosoft.com/html/newsprk/assets/img/whats/whats22.jpg]
[quomodosoft.com/html/newsprk/assets/img/whats/whats23.jpg]
[quomodosoft.com/html/newsprk/assets/img/whats/whats24.jpg]
[quomodosoft.com/html/newsprk/assets/img/whats/whats25.jpg]
[quomodosoft.com/html/newsprk/assets/img/sports/sports21.jpg]
[quomodosoft.com/html/newsprk/assets/img/sports/sports22.jpg]
[quomodosoft.com/html/newsprk/assets/img/sports/sports23.jpg]
[quomodosoft.com/html/newsprk/assets/img/sports/sports24.jpg]
[quomodosoft.com/html/newsprk/assets/img/sports/sports25.jpg]
[quomodosoft.com/html/newsprk/assets/img/sports/sports26.jpg]
[quomodosoft.com/html/newsprk/assets/img/most_view/most26.jpg]
[quomodosoft.com/html/newsprk/assets/img/most_view/most27.jpg]
[quomodosoft.com/html/newsprk/assets/img/most_view/most28.jpg]
[quomodosoft.com/html/newsprk/assets/img/most_view/most21.jpg]
[quomodosoft.com/html/newsprk/assets/img/most_view/most22.jpg]
[quomodosoft.com/html/newsprk/assets/img/most_view/most23.jpg]
[quomodosoft.com/html/newsprk/assets/img/most_view/most24.jpg]
[quomodosoft.com/html/newsprk/assets/img/icon/phone_black.png]
[quomodosoft.com/html/newsprk/assets/img/icon/speaker_black.png]
[quomodosoft.com/html/newsprk/assets/img/icon/envelope_black.png]
[quomodosoft.com/html/newsprk/theme-3/index.html]
[quomodosoft.com/html/newsprk/theme-3/index2.html]
[quomodosoft.com/html/newsprk/theme-3/index3.html]
[quomodosoft.com/html/newsprk/theme-3/index4.html]
[quomodosoft.com/html/newsprk/theme-3/index5.html]
[quomodosoft.com/cdn-cgi/scripts/5c5dd728/cloudflare-static/email-decode.min.js]
[quomodosoft.com/html/newsprk/assets/img/icon/fabicon2.png]
[quomodosoft.com/html/newsprk/assets/img/logo/logo41.png]
[quomodosoft.com/html/newsprk/assets/img/icon/s4.png]
[quomodosoft.com/html/newsprk/theme-4/about.html]
[quomodosoft.com/html/newsprk/theme-4/archive.html]
[quomodosoft.com/html/newsprk/theme-4/contact.html]
[quomodosoft.com/html/newsprk/theme-4/404.html]
[quomodosoft.com/html/newsprk/theme-4/post1.html]
[quomodosoft.com/html/newsprk/theme-4/post2.html]
[quomodosoft.com/html/newsprk/theme-4/post3.html]
[quomodosoft.com/html/newsprk/theme-4/video_post1.html]
[quomodosoft.com/html/newsprk/theme-4/video_post2.html]
[quomodosoft.com/html/newsprk/theme-4/video_post3.html]
[quomodosoft.com/html/newsprk/theme-4/audio_post1.html]
[quomodosoft.com/html/newsprk/theme-4/audio_post2.html]
[quomodosoft.com/html/newsprk/theme-4/audio_post3.html]
[quomodosoft.com/html/newsprk/theme-4/left_post2.html]
[quomodosoft.com/html/newsprk/theme-4/business.html]
[quomodosoft.com/html/newsprk/theme-4/entertainment.html]
[quomodosoft.com/html/newsprk/theme-4/feature.html]
[quomodosoft.com/html/newsprk/theme-4/sports.html]
[quomodosoft.com/html/newsprk/theme-4/trending.html]
[quomodosoft.com/html/newsprk/assets/img/bg/hero1.jpg]
[quomodosoft.com/html/newsprk/assets/img/bg/hero2.jpg]
[quomodosoft.com/html/newsprk/assets/img/bg/hero3.jpg]
[quomodosoft.com/html/newsprk/assets/img/trending/trend31.jpg]
[quomodosoft.com/html/newsprk/assets/img/trending/trend32.jpg]
[quomodosoft.com/html/newsprk/assets/img/trending/trend33.jpg]
[quomodosoft.com/html/newsprk/assets/img/trending/trend34.jpg]
[quomodosoft.com/html/newsprk/assets/img/trending/trend35.jpg]
[quomodosoft.com/html/newsprk/assets/img/trending/trend36.jpg]
[quomodosoft.com/html/newsprk/assets/img/blog/90652.jpg]
[quomodosoft.com/html/newsprk/assets/img/trending/smslide41.jpg]
[quomodosoft.com/html/newsprk/assets/img/trending/smslide42.jpg]
[quomodosoft.com/html/newsprk/assets/img/trending/smslide43.jpg]
[quomodosoft.com/html/newsprk/assets/img/gallary/gallery42.jpg]
[quomodosoft.com/html/newsprk/assets/img/blog/gallery_carousel1.jpg]
[quomodosoft.com/html/newsprk/assets/img/popular/pop51.jpg]
[quomodosoft.com/html/newsprk/assets/img/popular/pop52.jpg]
[quomodosoft.com/html/newsprk/assets/img/popular/pop53.jpg]
[quomodosoft.com/html/newsprk/assets/img/popular/pop54.jpg]
[quomodosoft.com/html/newsprk/assets/img/popular/pop56.jpg]
[quomodosoft.com/html/newsprk/assets/img/finance/finance41.jpg]
[quomodosoft.com/html/newsprk/assets/img/finance/finance42.jpg]
[quomodosoft.com/html/newsprk/assets/img/bg/banner4.png]
[quomodosoft.com/html/newsprk/assets/img/tab/fultab41.jpg]
[quomodosoft.com/html/newsprk/assets/img/international/international41.jpg]
[quomodosoft.com/html/newsprk/assets/img/international/international42.jpg]
[quomodosoft.com/html/newsprk/assets/img/international/international43.jpg]
[quomodosoft.com/html/newsprk/assets/img/international/international44.jpg]
[quomodosoft.com/html/newsprk/assets/img/international/international45.jpg]
[quomodosoft.com/html/newsprk/assets/img/bg/banner42.png]
[quomodosoft.com/html/newsprk/assets/img/science/science41.jpg]
[quomodosoft.com/html/newsprk/assets/img/science/science42.jpg]
[quomodosoft.com/html/newsprk/assets/img/science/science43.jpg]
[quomodosoft.com/html/newsprk/assets/img/science/science44.jpg]
[quomodosoft.com/html/newsprk/assets/img/sports/sports41.jpg]
[quomodosoft.com/html/newsprk/assets/img/sports/sports42.jpg]
[quomodosoft.com/html/newsprk/assets/img/sports/sports43.jpg]
[quomodosoft.com/html/newsprk/assets/img/sports/sports44.jpg]
[quomodosoft.com/html/newsprk/assets/img/sports/sports45.jpg]
[quomodosoft.com/html/newsprk/assets/img/sports/sports46.jpg]
[quomodosoft.com/html/newsprk/assets/img/sports/sports47.jpg]
[quomodosoft.com/html/newsprk/assets/img/sports/sports48.jpg]
[quomodosoft.com/html/newsprk/assets/img/gallary/gallery41.jpg]
[quomodosoft.com/html/newsprk/assets/img/opinion/opinion41.jpg]
[quomodosoft.com/html/newsprk/assets/img/opinion/opinion42.jpg]
[quomodosoft.com/html/newsprk/assets/img/logo/logo42.png]
[quomodosoft.com/html/newsprk/assets/img/icon/phone4.png]
[quomodosoft.com/html/newsprk/assets/img/icon/speaker4.png]
[quomodosoft.com/html/newsprk/theme-4/index.html]
[quomodosoft.com/html/newsprk/assets/img/icon/envelope4.png]
[quomodosoft.com/html/newsprk/theme-4/index2.html]
[quomodosoft.com/html/newsprk/theme-4/index3.html]
[quomodosoft.com/html/newsprk/theme-4/index4.html]
[quomodosoft.com/html/newsprk/assets/img/gallary/gallery43.jpg]
[quomodosoft.com/html/newsprk/theme-4/index5.html]
[quomodosoft.com/html/newsprk/assets/img/author/author1.png]
[quomodosoft.com/html/newsprk/assets/img/icon/calendar.png]
[quomodosoft.com/html/newsprk/assets/img/bg/video4.jpg]
[quomodosoft.com/html/newsprk/about.html]
[quomodosoft.com/html/newsprk/archive.html]
[quomodosoft.com/html/newsprk/assets/img/icon/scroll.png]
[quomodosoft.com/html/newsprk/assets/img/icon/black_phone.png]
[quomodosoft.com/html/newsprk/assets/img/bg/map.jpg]
[quomodosoft.com/html/newsprk/contact.html]
[quomodosoft.com/html/newsprk/assets/img/bg/404.png]
[quomodosoft.com/html/newsprk/404.html]
[quomodosoft.com/html/newsprk/assets/img/blog/single_post1.jpg]
[quomodosoft.com/html/newsprk/assets/img/author/author2.png]
[quomodosoft.com/html/newsprk/assets/img/blog/smail1.jpg]
[quomodosoft.com/html/newsprk/assets/img/blog/big1.jpg]
[quomodosoft.com/html/newsprk/assets/img/blog/quote_1.jpg]
[quomodosoft.com/html/newsprk/assets/img/icon/q.png]
[quomodosoft.com/html/newsprk/assets/img/blog/big2.jpg]
[quomodosoft.com/html/newsprk/post1.html]
[quomodosoft.com/html/newsprk/post2.html]
[quomodosoft.com/html/newsprk/post3.html]
[quomodosoft.com/html/newsprk/single.html]
[quomodosoft.com/html/newsprk/assets/img/icon/tranding.png]
[quomodosoft.com/html/newsprk/video_post1.html]
[quomodosoft.com/html/assets/img/blog/big1.jpg]
[quomodosoft.com/html/assets/img/author/author2.png]
[quomodosoft.com/html/assets/img/blog/smail1.jpg]
[quomodosoft.com/html/assets/img/bg/banner1.png]
[quomodosoft.com/html/newsprk/video_post2.html]
[quomodosoft.com/html/newsprk/video_post3.html]
[quomodosoft.com/html/newsprk/audio_post1.html]
[quomodosoft.com/html/newsprk/audio_post2.html]
[quomodosoft.com/html/newsprk/audio_post3.html]
[quomodosoft.com/html/newsprk/left_post2.html]
[quomodosoft.com/html/newsprk/business.html]
[quomodosoft.com/html/newsprk/entertainment.html]
[quomodosoft.com/html/newsprk/feature.html]
[quomodosoft.com/html/newsprk/sports.html]
[quomodosoft.com/html/newsprk/trending.html]
[quomodosoft.com/html/newsprk/entertrainment.html]
[quomodosoft.com/html/newsprk/assets/fonts/fa-brands-400.svg]
[quomodosoft.com/html/newsprk/assets/fonts/fa-light-300.svg]
[quomodosoft.com/html/newsprk/assets/fonts/fa-regular-400.svg]
[quomodosoft.com/html/newsprk/assets/fonts/fa-solid-900.svg]
[quomodosoft.com/html/newsprk/assets/css/plugins/owl.video.play.html]
[quomodosoft.com/html/newsprk/dark/about.html]
[quomodosoft.com/html/newsprk/dark/archive.html]
[quomodosoft.com/html/newsprk/dark/contact.html]
[quomodosoft.com/html/newsprk/dark/404.html]
[quomodosoft.com/html/newsprk/dark/post1.html]
[quomodosoft.com/html/newsprk/dark/post2.html]
[quomodosoft.com/html/newsprk/dark/post3.html]
[quomodosoft.com/html/newsprk/dark/video_post1.html]
[quomodosoft.com/html/newsprk/dark/video_post2.html]
[quomodosoft.com/html/newsprk/dark/video_post3.html]
[quomodosoft.com/html/newsprk/dark/audio_post1.html]
[quomodosoft.com/html/newsprk/dark/audio_post2.html]
[quomodosoft.com/html/newsprk/dark/audio_post3.html]
[quomodosoft.com/html/newsprk/dark/left_post2.html]
[quomodosoft.com/html/newsprk/dark/business.html]
[quomodosoft.com/html/newsprk/dark/entertainment.html]
[quomodosoft.com/html/newsprk/dark/feature.html]
[quomodosoft.com/html/newsprk/dark/sports.html]
[quomodosoft.com/html/newsprk/dark/trending.html]
[quomodosoft.com/html/newsprk/theme-3/assets/img/icon/calendar.png]
[quomodosoft.com/html/newsprk/assets/img/blog/video32.jpg]
[quomodosoft.com/html/newsprk/theme-3/about.html]
[quomodosoft.com/html/newsprk/theme-3/archive.html]
[quomodosoft.com/html/newsprk/theme-3/assets/img/icon/scroll.16f.delayed]
[quomodosoft.com/html/newsprk/theme-3/assets/img/icon/black_phone.png]
[quomodosoft.com/html/newsprk/theme-3/assets/img/bg/map.jpg]
[quomodosoft.com/html/newsprk/theme-3/assets/img/bg/banner1.png]
[quomodosoft.com/html/newsprk/theme-3/contact.html]
[quomodosoft.com/html/newsprk/theme-3/404.html]
[quomodosoft.com/html/newsprk/theme-3/post1.html]
[quomodosoft.com/html/newsprk/theme-3/post2.html]
[quomodosoft.com/html/newsprk/theme-3/post3.html]
[quomodosoft.com/html/newsprk/theme-3/video_post1.html]
[quomodosoft.com/html/newsprk/theme-3/video_post2.html]
[quomodosoft.com/html/newsprk/theme-3/video_post3.html]
[quomodosoft.com/html/newsprk/theme-3/audio_post1.html]
[quomodosoft.com/html/newsprk/theme-3/audio_post2.html]
[quomodosoft.com/html/newsprk/theme-3/audio_post3.html]
[quomodosoft.com/html/newsprk/theme-3/left_post2.html]
[quomodosoft.com/html/newsprk/theme-3/business.html]
[quomodosoft.com/html/newsprk/theme-3/entertainment.html]
[quomodosoft.com/html/newsprk/theme-3/feature.html]
[quomodosoft.com/html/newsprk/theme-3/sports.html]
[quomodosoft.com/html/newsprk/theme-3/trending.html]
[quomodosoft.com/html/newsprk/theme-4/assets/img/icon/calendar.png]
[quomodosoft.com/html/newsprk/assets/img/feature/finance1.jpg]
[quomodosoft.com/html/newsprk/theme-4/about.html]
[quomodosoft.com/html/newsprk/theme-4/assets/img/bg/banner42.png]
[quomodosoft.com/html/newsprk/theme-4/archive.html]
[quomodosoft.com/html/newsprk/theme-4/contact.html]
[quomodosoft.com/html/newsprk/theme-4/404.html]
[quomodosoft.com/html/newsprk/assets/img/icon/q4.png]
[quomodosoft.com/html/newsprk/theme-4/post1.html]
[quomodosoft.com/html/newsprk/theme-4/post2.html]
[quomodosoft.com/html/newsprk/theme-4/post3.html]
[quomodosoft.com/html/newsprk/theme-4/video_post1.html]
[quomodosoft.com/html/newsprk/theme-4/video_post2.html]
[quomodosoft.com/html/newsprk/theme-4/video_post3.html]
[quomodosoft.com/html/newsprk/theme-4/theme-3/index.html]
[quomodosoft.com/html/newsprk/theme-4/theme-3/index2.html]
[quomodosoft.com/html/newsprk/theme-4/theme-3/index3.html]
[quomodosoft.com/html/newsprk/theme-4/theme-3/index4.html]
[quomodosoft.com/html/newsprk/theme-4/theme-3/index5.html]
[quomodosoft.com/html/newsprk/theme-4/audio_post1.html]
[quomodosoft.com/html/newsprk/theme-4/audio_post2.html]
[quomodosoft.com/html/newsprk/theme-4/audio_post3.html]
[quomodosoft.com/html/newsprk/theme-4/left_post2.html]
[quomodosoft.com/html/newsprk/theme-4/business.html]
[quomodosoft.com/html/newsprk/theme-4/entertainment.html]
[quomodosoft.com/html/newsprk/theme-4/feature.html]
[quomodosoft.com/html/newsprk/theme-4/sports.html]
[quomodosoft.com/html/newsprk/theme-4/trending.html]
[quomodosoft.com/html/newsprk/single.html]
[quomodosoft.com/html/assets/img/blog/big1.html]
[quomodosoft.com/html/assets/img/author/author2.html]
[quomodosoft.com/html/assets/img/blog/smail1.html]
[quomodosoft.com/html/assets/img/bg/banner1.html]
[quomodosoft.com/html/newsprk/theme-3/assets/img/icon/calendar.html]
[quomodosoft.com/html/newsprk/theme-3/assets/img/icon/scroll.html]
[quomodosoft.com/html/newsprk/theme-3/assets/img/icon/black_phone.html]
[quomodosoft.com/html/newsprk/theme-3/assets/img/bg/map.html]
[quomodosoft.com/html/newsprk/theme-3/assets/img/bg/banner1.html]
[quomodosoft.com/html/newsprk/theme-4/assets/img/icon/calendar.html]
[quomodosoft.com/html/newsprk/theme-4/assets/img/bg/banner42.html]
[quomodosoft.com/html/newsprk/theme-4/theme-3/index.html]
[quomodosoft.com/html/newsprk/theme-4/theme-3/index2.html]
[quomodosoft.com/html/newsprk/theme-4/theme-3/index3.html]
[quomodosoft.com/html/newsprk/theme-4/theme-3/index4.html]
[quomodosoft.com/html/newsprk/theme-4/theme-3/index5.html]
